// Jest Snapshot v1, https://goo.gl/fbAQLP

exports[`Button UI <Button /> must have the snapshot version. 1`] = `
<button
  className="button "
  onClick={[Function]}
>
  Button name
</button>
`;
