// Jest Snapshot v1, https://goo.gl/fbAQLP

exports[`Title UI <Title /> must have the snapshot version. 1`] = `
<h2
  className="title "
>
  Title
</h2>
`;
